// Jest Snapshot v1, https://goo.gl/fbAQLP

exports[`<Footer /> renders the <Footer /> with populated data 1`] = `
<div
  class="footer__Conatiner-sc-1fb5kvt-0 janPPK"
>
  <p
    class="footer__Title-sc-1fb5kvt-4 bYpYOt"
  >
    Questions? Contact us.
  </p>
  <p
    class="footer__Break-sc-1fb5kvt-6 KeRtg"
  />
  <div
    class="footer__Row-sc-1fb5kvt-2 fiGuLP"
  >
    <div
      class="footer__Column-sc-1fb5kvt-1 cUicbG"
    >
      <a
        class="footer__Link-sc-1fb5kvt-3 iNlOPS"
        href="#"
      >
        FAQ
      </a>
      <a
        class="footer__Link-sc-1fb5kvt-3 iNlOPS"
        href="#"
      >
        Investor Relations
      </a>
      <a
        class="footer__Link-sc-1fb5kvt-3 iNlOPS"
        href="#"
      >
        Ways to Watch
      </a>
      <a
        class="footer__Link-sc-1fb5kvt-3 iNlOPS"
        href="#"
      >
        Corporate Information
      </a>
      <a
        class="footer__Link-sc-1fb5kvt-3 iNlOPS"
        href="#"
      >
        Netflix Originals
      </a>
    </div>
    <div
      class="footer__Column-sc-1fb5kvt-1 cUicbG"
    >
      <a
        class="footer__Link-sc-1fb5kvt-3 iNlOPS"
        href="#"
      >
        Help Centre
      </a>
      <a
        class="footer__Link-sc-1fb5kvt-3 iNlOPS"
        href="#"
      >
        Jobs
      </a>
      <a
        class="footer__Link-sc-1fb5kvt-3 iNlOPS"
        href="#"
      >
        Terms of Use
      </a>
      <a
        class="footer__Link-sc-1fb5kvt-3 iNlOPS"
        href="#"
      >
        Contact Us
      </a>
    </div>
    <div
      class="footer__Column-sc-1fb5kvt-1 cUicbG"
    >
      <a
        class="footer__Link-sc-1fb5kvt-3 iNlOPS"
        href="#"
      >
        Account
      </a>
      <a
        class="footer__Link-sc-1fb5kvt-3 iNlOPS"
        href="#"
      >
        Redeem gift cards
      </a>
      <a
        class="footer__Link-sc-1fb5kvt-3 iNlOPS"
        href="#"
      >
        Privacy
      </a>
      <a
        class="footer__Link-sc-1fb5kvt-3 iNlOPS"
        href="#"
      >
        Speed Test
      </a>
    </div>
    <div
      class="footer__Column-sc-1fb5kvt-1 cUicbG"
    >
      <a
        class="footer__Link-sc-1fb5kvt-3 iNlOPS"
        href="#"
      >
        Media Centre
      </a>
      <a
        class="footer__Link-sc-1fb5kvt-3 iNlOPS"
        href="#"
      >
        Buy gift cards
      </a>
      <a
        class="footer__Link-sc-1fb5kvt-3 iNlOPS"
        href="#"
      >
        Cookie Preferences
      </a>
      <a
        class="footer__Link-sc-1fb5kvt-3 iNlOPS"
        href="#"
      >
        Legal Notices
      </a>
    </div>
  </div>
  <p
    class="footer__Break-sc-1fb5kvt-6 KeRtg"
  />
  <p
    class="footer__Text-sc-1fb5kvt-5 cxqKJi"
  >
    Netflix United Kingdom
  </p>
</div>
`;
