// Jest Snapshot v1, https://goo.gl/fbAQLP

exports[`<Player/> should render the player with a bunny video 1`] = `
<div
  class="player__Container-sc-1r9foip-0"
>
  <button
    class="player__Button-sc-1r9foip-4 ibPfPw"
  >
    Play
  </button>
</div>
`;
